// Jest Snapshot v1, https://goo.gl/fbAQLP

exports[`GET / responds with 200 1`] = `
Object {
  "message": "Hello World!",
}
`;
